Unity Editor version:    6000.3.11f1 (3000ef702840)
Branch:                  6000.3/staging
Build type:              Release
Batch mode:              YES
macOS version:           Version 15.6 (Build 24G84)
Darwin version:          24.6.0
Architecture:            arm64
Running under Rosetta:   NO
Available memory:        24576 MB
Date:                    2026-03-15T17:55:26Z
[Licensing::Module] Trying to connect to existing licensing client channel...
[Licensing::IpcConnector] Successfully connected to: "LicenseClient-juanorjuela" at "2026-03-15T17:55:26.210519Z"

COMMAND LINE ARGUMENTS:
/Applications/Unity/Hub/Editor/6000.3.11f1/Unity.app/Contents/MacOS/Unity
-adb2
-batchMode
-noUpm
-name
AssetImportWorker0
-projectPath
/Users/juanorjuela/Documents/GitHub/FEP_MMM26
-logFile
Logs/AssetImportWorker0.log
-srvPort
53457
-licensingIpc
LicenseClient-juanorjuela
-job-worker-count
5
-background-job-worker-count
8
-gc-helper-count
1
-name AssetImport
Successfully changed project path to: /Users/juanorjuela/Documents/GitHub/FEP_MMM26
/Users/juanorjuela/Documents/GitHub/FEP_MMM26
[UnityMemory] Configuration Parameters - Can be set up in boot.config
    "memorysetup-allocator-temp-initial-block-size-main=262144"
    "memorysetup-allocator-temp-initial-block-size-worker=262144"
    "memorysetup-temp-allocator-size-background-worker=32768"
    "memorysetup-temp-allocator-size-job-worker=262144"
    "memorysetup-temp-allocator-size-preload-manager=33554432"
    "memorysetup-temp-allocator-size-nav-mesh-worker=65536"
    "memorysetup-temp-allocator-size-audio-worker=65536"
    "memorysetup-temp-allocator-size-cloud-worker=32768"
    "memorysetup-bucket-allocator-granularity=16"
    "memorysetup-bucket-allocator-bucket-count=8"
    "memorysetup-bucket-allocator-block-size=33554432"
    "memorysetup-bucket-allocator-block-count=8"
    "memorysetup-main-allocator-block-size=16777216"
    "memorysetup-thread-allocator-block-size=16777216"
    "memorysetup-gfx-main-allocator-block-size=16777216"
    "memorysetup-gfx-thread-allocator-block-size=16777216"
    "memorysetup-cache-allocator-block-size=4194304"
    "memorysetup-typetree-allocator-block-size=2097152"
    "memorysetup-profiler-bucket-allocator-granularity=16"
    "memorysetup-profiler-bucket-allocator-bucket-count=8"
    "memorysetup-profiler-bucket-allocator-block-size=33554432"
    "memorysetup-profiler-bucket-allocator-block-count=8"
    "memorysetup-profiler-allocator-block-size=16777216"
    "memorysetup-profiler-editor-allocator-block-size=1048576"
    "memorysetup-temp-allocator-size-main=16777216"
    "memorysetup-job-temp-allocator-block-size=2097152"
    "memorysetup-job-temp-allocator-block-size-background=1048576"
    "memorysetup-job-temp-allocator-reduction-small-platforms=262144"
    "memorysetup-temp-allocator-size-gi-baking-worker=262144"
    "memorysetup-temp-allocator-size-gi-baking-worker=262144"
    "memorysetup-temp-allocator-size-gi-baking-worker=262144"
    "memorysetup-temp-allocator-size-gi-baking-worker=262144"
    "memorysetup-temp-allocator-size-gi-baking-worker=262144"
    "memorysetup-temp-allocator-size-gfx=262144"
Player connection [8718115008]  Target information:

Player connection [8718115008]  * "[IP] 192.168.0.14 [Port] 0 [Flags] 2 [Guid] 1626120833 [EditorId] 1626120833 [Version] 1048832 [Id] OSXEditor(0,192.168.0.14) [Debug] 1 [PackageName] OSXEditor [ProjectName] Editor" 

Player connection [8718115008] Host joined multi-casting on [225.0.0.222:54997]...
Player connection [8718115008] Host joined alternative multi-casting on [225.0.0.222:34997]...
JobSystem: Creating JobQueue using job-worker-count value 5
Input System module state changed to: Initialized.
[Physics::Module] Initialized fallback backend.
[Physics::Module] Id: 0xdecafbad
Library Redirect Path: Library/
[Physics::Module] Selected backend.
[Physics::Module] Name: PhysX
[Physics::Module] Id: 0xf2b8ea05
[Physics::Module] SDK Version: 4.1.2
[Physics::Module] Integration Version: 1.0.0
[Physics::Module] Threading Mode: Multi-Threaded
Refreshing native plugins compatible for Editor in 1.37 ms, found 1 plugins.
Preloading 0 native plugins for Editor in 0.00 ms.
Initialize engine version: 6000.3.11f1 (3000ef702840)
[Subsystems] Discovering subsystems at path /Applications/Unity/Hub/Editor/6000.3.11f1/Unity.app/Contents/Resources/UnitySubsystems
[Subsystems] Discovering subsystems at path /Users/juanorjuela/Documents/GitHub/FEP_MMM26/Assets
GfxDevice: creating device client; kGfxThreadingModeNonThreaded
 preferred device: Apple M4 Pro (high power)
Metal devices available: 1
0: Apple M4 Pro (high power)
Using device Apple M4 Pro (high power)
Initializing Metal device caps: Apple M4 Pro
Mac GPU Family: 2
Apple GPU Family: 9
MSL Version: 3.0
Has Float MSAA: 1
Has Float Filtering: 1
ReadWrite Texture Tier: 2
[Licensing::Client] Error: HandshakeResponse reported an error:
	ResponseCode: 505
	ResponseStatus: Unsupported protocol version '1.18.0'.
[Licensing::Module] Error: Failed to handshake to channel: "LicenseClient-juanorjuela"
[Licensing::IpcConnector] LicenseClient-juanorjuela channel disconnected successfully.
[Licensing::IpcConnector] Successfully connected to: "LicenseClient-juanorjuela-6000.3.11" at "2026-03-15T17:55:26.580674Z"
Initialize mono
Mono path[0] = '/Applications/Unity/Hub/Editor/6000.3.11f1/Unity.app/Contents/Resources/Scripting/Managed'
Mono path[1] = '/Applications/Unity/Hub/Editor/6000.3.11f1/Unity.app/Contents/Resources/Scripting/MonoBleedingEdge/lib/mono/unityjit-macos'
Mono config path = '/Applications/Unity/Hub/Editor/6000.3.11f1/Unity.app/Contents/Resources/Scripting/MonoBleedingEdge/etc'
Using monoOptions --debugger-agent=transport=dt_socket,embedding=1,server=y,suspend=n,address=127.0.0.1:56075
[Licensing::Client] Handshaking with LicensingClient:
  Version:                 1.18.0+23225a6
  Session Id:              1c79f81aa9fc4a11972fc93b178d23b1
  Correlation Id:          e7aaf7129d2add26b6ee5da88298bfa7
  External correlation Id: 5581279961091992638
  Machine Id:              bX22l8AhXmoYGKmzg9YveeiTezg=
[Licensing::Module] Successfully connected to LicensingClient on channel: "LicenseClient-juanorjuela-6000.3.11" (connect: 0.00s, validation: 0.00s, handshake: 0.03s)
[Licensing::IpcConnector] Successfully connected to: "LicenseClient-juanorjuela-6000.3.11-notifications" at "2026-03-15T17:55:26.613643Z"
[Licensing::Module] Licensing Background thread has ended after 0.40s
Begin MonoManager ReloadAssembly
Registering precompiled unity dll's ...
Register platform support module: /Applications/Unity/Hub/Editor/6000.3.11f1/PlaybackEngines/WebGLSupport/UnityEditor.WebGL.Extensions.dll
Register platform support module: /Applications/Unity/Hub/Editor/6000.3.11f1/Unity.app/Contents/PlaybackEngines/MacStandaloneSupport/UnityEditor.OSXStandalone.Extensions.dll
Register platform support module: /Applications/Unity/Hub/Editor/6000.3.11f1/PlaybackEngines/WindowsStandaloneSupport/UnityEditor.WindowsStandalone.Extensions.dll
Registered in 0.001855 seconds.
- Loaded All Assemblies, in  0.262 seconds
Native extension for WindowsStandalone target not found
Native extension for OSXStandalone target not found
Native extension for WebGL target not found
Package Manager log level set to [2]
[Package Manager] Failed to launch server process. Reason: Unity was launched with the -noUpm command-line argument
[Package Manager] Unable to send message (not connected to server process).
[Package Manager] Cannot connect to Unity Package Manager local server
ScheduleIndexationOnStartup MainProcess:False IndexOnStartup:True
Mono: successfully reloaded assembly
- Finished resetting the current domain, in  0.226 seconds
Domain Reload Profiling: 489ms
	BeginReloadAssembly (97ms)
		ExecutionOrderSort (0ms)
		DisableScriptedObjects (0ms)
		BackupInstance (0ms)
		ReleaseScriptingObjects (0ms)
		CreateAndSetChildDomain (0ms)
	RebuildCommonClasses (22ms)
	RebuildNativeTypeToScriptingClass (7ms)
	initialDomainReloadingComplete (26ms)
	LoadAllAssembliesAndSetupDomain (109ms)
		LoadAssemblies (97ms)
		RebuildTransferFunctionScriptingTraits (0ms)
		AnalyzeDomain (108ms)
			TypeCache.Refresh (106ms)
				TypeCache.ScanAssembly (96ms)
			BuildScriptInfoCaches (0ms)
			ResolveRequiredComponents (0ms)
	FinalizeReload (227ms)
		ReleaseScriptCaches (0ms)
		RebuildScriptCaches (0ms)
		SetupLoadedEditorAssemblies (201ms)
			LogAssemblyErrors (0ms)
			InitializePlatformSupportModulesInManaged (29ms)
			SetLoadedEditorAssemblies (3ms)
			BeforeProcessingInitializeOnLoad (45ms)
			ProcessInitializeOnLoadAttributes (65ms)
			ProcessInitializeOnLoadMethodAttributes (60ms)
			AfterProcessingInitializeOnLoad (0ms)
			EditorAssembliesLoaded (0ms)
		ExecutionOrderSort2 (0ms)
		AwakeInstancesAfterBackupRestoration (0ms)
[CoreBusinessMetrics] Unexpected thread when updating session info.
========================================================================
Worker process is ready to serve import requests
Import Worker Mode flag is 0x00
Begin MonoManager ReloadAssembly
[Licensing::Client] Successfully resolved entitlement details
[Licensing::Module] License group:
  Id: F4-BQ82-4FQF-6GV9-AGQF-XXXX
  Product: Unity Personal
  Type: ULF
  Expiration: Unlimited
[Licensing::Module] License group:
  Id: 4674114231336-UnityPersXXXX
  Product: Unity Personal
  Type: Assigned
  Expiration: Unlimited
- Loaded All Assemblies, in  0.295 seconds
Script 'Grid' has the same name as built-in Unity component.
AddComponent and GetComponent will not work with this script.
Refreshing native plugins compatible for Editor in 0.12 ms, found 1 plugins.
Native extension for WindowsStandalone target not found
Native extension for OSXStandalone target not found
Native extension for WebGL target not found
[Package Manager] Failed to launch server process. Reason: Unity was launched with the -noUpm command-line argument
[Package Manager] Unable to send message (not connected to server process).
[Package Manager] Cannot connect to Unity Package Manager local server
ScheduleIndexationOnStartup MainProcess:False IndexOnStartup:True
Mono: successfully reloaded assembly
- Finished resetting the current domain, in  0.281 seconds
Domain Reload Profiling: 576ms
	BeginReloadAssembly (73ms)
		ExecutionOrderSort (0ms)
		DisableScriptedObjects (3ms)
		BackupInstance (0ms)
		ReleaseScriptingObjects (0ms)
		CreateAndSetChildDomain (18ms)
	RebuildCommonClasses (22ms)
	RebuildNativeTypeToScriptingClass (8ms)
	initialDomainReloadingComplete (18ms)
	LoadAllAssembliesAndSetupDomain (175ms)
		LoadAssemblies (139ms)
		RebuildTransferFunctionScriptingTraits (0ms)
		AnalyzeDomain (66ms)
			TypeCache.Refresh (47ms)
				TypeCache.ScanAssembly (42ms)
			BuildScriptInfoCaches (12ms)
			ResolveRequiredComponents (5ms)
	FinalizeReload (281ms)
		ReleaseScriptCaches (0ms)
		RebuildScriptCaches (0ms)
		SetupLoadedEditorAssemblies (211ms)
			LogAssemblyErrors (0ms)
			InitializePlatformSupportModulesInManaged (1ms)
			SetLoadedEditorAssemblies (2ms)
			BeforeProcessingInitializeOnLoad (58ms)
			ProcessInitializeOnLoadAttributes (76ms)
			ProcessInitializeOnLoadMethodAttributes (72ms)
			AfterProcessingInitializeOnLoad (1ms)
			EditorAssembliesLoaded (0ms)
		ExecutionOrderSort2 (0ms)
		AwakeInstancesAfterBackupRestoration (1ms)
WARNING: Shader Unsupported: 'Universal Render Pipeline/VR/SpatialMapping/Wireframe' - All subshaders removed
WARNING: Shader Did you use #pragma only_renderers and omit this platform?
WARNING: Shader If subshaders removal was intentional, you may have forgotten turning Fallback off?
WARNING: Shader Unsupported: 'Universal Render Pipeline/VR/SpatialMapping/Wireframe' - All subshaders removed
WARNING: Shader Did you use #pragma only_renderers and omit this platform?
WARNING: Shader If subshaders removal was intentional, you may have forgotten turning Fallback off?
Launching external process: /Applications/Unity/Hub/Editor/6000.3.11f1/Unity.app/Contents/Helpers/UnityShaderCompiler
Launched and connected shader compiler UnityShaderCompiler after 0.02 seconds
Refreshing native plugins compatible for Editor in 0.15 ms, found 1 plugins.
Preloading 0 native plugins for Editor in 0.00 ms.
Unloading 18 Unused Serialized files (Serialized files now loaded: 0)
Unloading 3271 unused Assets / (3.3 MB). Loaded Objects now: 4086.
Memory consumption went from 121.1 MB to 117.7 MB.
Total: 4.304500 ms (FindLiveObjects: 0.324125 ms CreateObjectMapping: 0.063292 ms MarkObjects: 3.180208 ms  DeleteObjects: 0.736500 ms)

========================================================================
Received Import Request.
  Time since last request: 22889.196449 seconds.
  path: Assets/Prefabs/Enviroment
  artifactKey: Guid(d98ed290ae9ea7449bfd156919de3fa8) Importer(815301076,1909f56bfc062723c751e8b465ee728b)
Start importing Assets/Prefabs/Enviroment using Guid(d98ed290ae9ea7449bfd156919de3fa8) Importer(815301076,1909f56bfc062723c751e8b465ee728b) (PreviewImporter) -> (artifact id: '10df0d06dd80073f5647643b9d2cbbb2') in 0.005114916 seconds
Number of updated asset objects reloaded before import = 0Number of asset objects unloaded after import = 0

========================================================================
Received Import Request.
  Time since last request: 0.728115 seconds.
  path: Assets/Prefabs/Enviroment/Hill_Zone/Flat.prefab
  artifactKey: Guid(56cd25887876a3b4dac17f23588c5d73) Importer(815301076,1909f56bfc062723c751e8b465ee728b)
Start importing Assets/Prefabs/Enviroment/Hill_Zone/Flat.prefab using Guid(56cd25887876a3b4dac17f23588c5d73) Importer(815301076,1909f56bfc062723c751e8b465ee728b) (PreviewImporter) -> (artifact id: '00000000000000000000000000000000') in 0.357204875 seconds
Import Error Code:(4)
Message: Build asset version error: assets/prefabs/enviroment/hill_zone/flat.prefab in SourceAssetDB has modification time of '2026-03-15T16:50:31Z' while content on disk has modification time of '2026-03-15T17:55:29Z'
  ERROR: Build asset version error: assets/prefabs/enviroment/hill_zone/flat.prefab in SourceAssetDB has modification time of '2026-03-15T16:50:31Z' while content on disk has modification time of '2026-03-15T17:55:29Z'
Number of updated asset objects reloaded before import = 0Number of asset objects unloaded after import = 7616

========================================================================
Received Import Request.
  Time since last request: 431.393168 seconds.
  path: Assets/Prefabs/Enviroment/Hill_Zone/Flat.prefab
  artifactKey: Guid(56cd25887876a3b4dac17f23588c5d73) Importer(815301076,1909f56bfc062723c751e8b465ee728b)
Start importing Assets/Prefabs/Enviroment/Hill_Zone/Flat.prefab using Guid(56cd25887876a3b4dac17f23588c5d73) Importer(815301076,1909f56bfc062723c751e8b465ee728b) (PreviewImporter) -> (artifact id: '2b42265d8defae6775aba43cc48cac2e') in 0.116879042 seconds
Number of updated asset objects reloaded before import = 0Number of asset objects unloaded after import = 17042

========================================================================
Received Import Request.
  Time since last request: 1.019473 seconds.
  path: Assets/Prefabs/Enviroment/Hill_Zone/FlatBridge.prefab
  artifactKey: Guid(5063a6a303a2b4b40bd43b83dfbe57e7) Importer(815301076,1909f56bfc062723c751e8b465ee728b)
Start importing Assets/Prefabs/Enviroment/Hill_Zone/FlatBridge.prefab using Guid(5063a6a303a2b4b40bd43b83dfbe57e7) Importer(815301076,1909f56bfc062723c751e8b465ee728b) (PreviewImporter) -> (artifact id: '5b86ab070d403f69f2435a1e0fbd316d') in 0.060002458 seconds
Number of updated asset objects reloaded before import = 0Number of asset objects unloaded after import = 2323

========================================================================
Received Import Request.
  Time since last request: 13.988848 seconds.
  path: Assets/Prefabs/Enviroment/Hill_Zone/FlatBridge.prefab
  artifactKey: Guid(5063a6a303a2b4b40bd43b83dfbe57e7) Importer(815301076,1909f56bfc062723c751e8b465ee728b)
Start importing Assets/Prefabs/Enviroment/Hill_Zone/FlatBridge.prefab using Guid(5063a6a303a2b4b40bd43b83dfbe57e7) Importer(815301076,1909f56bfc062723c751e8b465ee728b) (PreviewImporter) -> (artifact id: 'fe2165f59d54d44288555e26a14cb0ee') in 0.032160584 seconds
Number of updated asset objects reloaded before import = 0Number of asset objects unloaded after import = 2323

========================================================================
Received Import Request.
  Time since last request: 0.655188 seconds.
  path: Assets/Prefabs/Enviroment/Hill_Zone/FlatBridgeToFlat.prefab
  artifactKey: Guid(4f16488df0ccd1142b21ed55047ee4de) Importer(815301076,1909f56bfc062723c751e8b465ee728b)
Start importing Assets/Prefabs/Enviroment/Hill_Zone/FlatBridgeToFlat.prefab using Guid(4f16488df0ccd1142b21ed55047ee4de) Importer(815301076,1909f56bfc062723c751e8b465ee728b) (PreviewImporter) -> (artifact id: '6478f1f175d925c4b7bcdba95cf354d3') in 0.031937708 seconds
Number of updated asset objects reloaded before import = 0Number of asset objects unloaded after import = 2664

========================================================================
Received Import Request.
  Time since last request: 84.317767 seconds.
  path: Assets/Prefabs/Enviroment/Hill_Zone/FlatToFlatBridge.prefab
  artifactKey: Guid(179dbb292dfbe474499767120799d723) Importer(815301076,1909f56bfc062723c751e8b465ee728b)
Start importing Assets/Prefabs/Enviroment/Hill_Zone/FlatToFlatBridge.prefab using Guid(179dbb292dfbe474499767120799d723) Importer(815301076,1909f56bfc062723c751e8b465ee728b) (PreviewImporter) -> (artifact id: 'e0641469201b489fa45d55889d186f61') in 0.065644166 seconds
Number of updated asset objects reloaded before import = 0Number of asset objects unloaded after import = 2197

========================================================================
Received Import Request.
  Time since last request: 49.717424 seconds.
  path: Assets/Prefabs/Enviroment/Hill_Zone/FlatToFlatBridge.prefab
  artifactKey: Guid(179dbb292dfbe474499767120799d723) Importer(815301076,1909f56bfc062723c751e8b465ee728b)
Start importing Assets/Prefabs/Enviroment/Hill_Zone/FlatToFlatBridge.prefab using Guid(179dbb292dfbe474499767120799d723) Importer(815301076,1909f56bfc062723c751e8b465ee728b) (PreviewImporter) -> (artifact id: '474ee8520283e4787edbed28a62891fe') in 0.044365125 seconds
Number of updated asset objects reloaded before import = 0Number of asset objects unloaded after import = 2197

========================================================================
Received Import Request.
  Time since last request: 1.201812 seconds.
  path: Assets/Prefabs/Enviroment/Hill_Zone/HighStraight.prefab
  artifactKey: Guid(dc1e2fed31e1d9e42be1343b3495a4be) Importer(815301076,1909f56bfc062723c751e8b465ee728b)
Start importing Assets/Prefabs/Enviroment/Hill_Zone/HighStraight.prefab using Guid(dc1e2fed31e1d9e42be1343b3495a4be) Importer(815301076,1909f56bfc062723c751e8b465ee728b) (PreviewImporter) -> (artifact id: '9e116d6eeacd45868f2869a1c369efa7') in 0.091678833 seconds
Number of updated asset objects reloaded before import = 0Number of asset objects unloaded after import = 15678

========================================================================
Received Import Request.
  Time since last request: 709.785262 seconds.
  path: Assets/Prefabs/Enviroment/Hill_Zone/HighStraight.prefab
  artifactKey: Guid(dc1e2fed31e1d9e42be1343b3495a4be) Importer(815301076,1909f56bfc062723c751e8b465ee728b)
Start importing Assets/Prefabs/Enviroment/Hill_Zone/HighStraight.prefab using Guid(dc1e2fed31e1d9e42be1343b3495a4be) Importer(815301076,1909f56bfc062723c751e8b465ee728b) (PreviewImporter) -> (artifact id: 'd370218a66180012a8b9d91d8cd1de6a') in 0.118896333 seconds
Number of updated asset objects reloaded before import = 0Number of asset objects unloaded after import = 16064

========================================================================
Received Import Request.
  Time since last request: 1.058589 seconds.
  path: Assets/Prefabs/Enviroment/Hill_Zone/FlatToFlatBridge.prefab
  artifactKey: Guid(179dbb292dfbe474499767120799d723) Importer(815301076,1909f56bfc062723c751e8b465ee728b)
Start importing Assets/Prefabs/Enviroment/Hill_Zone/FlatToFlatBridge.prefab using Guid(179dbb292dfbe474499767120799d723) Importer(815301076,1909f56bfc062723c751e8b465ee728b) (PreviewImporter) -> (artifact id: 'e7177274f75b2b05cfd89632e3865a91') in 0.027815875 seconds
Number of updated asset objects reloaded before import = 0Number of asset objects unloaded after import = 2204

========================================================================
Received Import Request.
  Time since last request: 3.211448 seconds.
  path: Assets/Prefabs/Enviroment/Hill_Zone/TunnelEntrance.prefab
  artifactKey: Guid(9bbe806a4f189ce4ea867ecb8e2fa008) Importer(815301076,1909f56bfc062723c751e8b465ee728b)
Start importing Assets/Prefabs/Enviroment/Hill_Zone/TunnelEntrance.prefab using Guid(9bbe806a4f189ce4ea867ecb8e2fa008) Importer(815301076,1909f56bfc062723c751e8b465ee728b) (PreviewImporter) -> (artifact id: '1b05515cf43fd2a4ebd087a5152268bd') in 0.042020625 seconds
Number of updated asset objects reloaded before import = 0Number of asset objects unloaded after import = 951

========================================================================
Received Import Request.
  Time since last request: 104.273668 seconds.
  path: Packages/com.unity.shadergraph/GraphTemplates/default_masks.png
  artifactKey: Guid(dd2e21fb358baa649a7ad7d1d6e722f5) Importer(815301076,1909f56bfc062723c751e8b465ee728b)
Start importing Packages/com.unity.shadergraph/GraphTemplates/default_masks.png using Guid(dd2e21fb358baa649a7ad7d1d6e722f5) Importer(815301076,1909f56bfc062723c751e8b465ee728b) (PreviewImporter) -> (artifact id: 'e4e6145e5f2600463a6f78f4598d58d9') in 0.013052 seconds
Number of updated asset objects reloaded before import = 0Number of asset objects unloaded after import = 2

========================================================================
Received Import Request.
  Time since last request: 2.834469 seconds.
  path: Packages/com.unity.render-pipelines.core/Runtime/Debugging/Prefabs/Textures/White1px.png
  artifactKey: Guid(127279d577f25ac4ea17dae3782e5074) Importer(815301076,1909f56bfc062723c751e8b465ee728b)
Start importing Packages/com.unity.render-pipelines.core/Runtime/Debugging/Prefabs/Textures/White1px.png using Guid(127279d577f25ac4ea17dae3782e5074) Importer(815301076,1909f56bfc062723c751e8b465ee728b) (PreviewImporter) -> (artifact id: '5168ce85ae4576b00181045151f24868') in 0.012758459 seconds
Number of updated asset objects reloaded before import = 0Number of asset objects unloaded after import = 3

========================================================================
Received Import Request.
  Time since last request: 102.547725 seconds.
  path: Assets/Prefabs/Enviroment/Hill_Zone/Flat.prefab
  artifactKey: Guid(56cd25887876a3b4dac17f23588c5d73) Importer(815301076,1909f56bfc062723c751e8b465ee728b)
Start importing Assets/Prefabs/Enviroment/Hill_Zone/Flat.prefab using Guid(56cd25887876a3b4dac17f23588c5d73) Importer(815301076,1909f56bfc062723c751e8b465ee728b) (PreviewImporter) -> (artifact id: 'c83c79739b25ab9e257d6e1c6a49967c') in 0.1107185 seconds
Number of updated asset objects reloaded before import = 0Number of asset objects unloaded after import = 17360

========================================================================
Received Import Request.
  Time since last request: 0.804537 seconds.
  path: Assets/Prefabs/Enviroment/Hill_Zone/FlatBridgeToFlat.prefab
  artifactKey: Guid(4f16488df0ccd1142b21ed55047ee4de) Importer(815301076,1909f56bfc062723c751e8b465ee728b)
Start importing Assets/Prefabs/Enviroment/Hill_Zone/FlatBridgeToFlat.prefab using Guid(4f16488df0ccd1142b21ed55047ee4de) Importer(815301076,1909f56bfc062723c751e8b465ee728b) (PreviewImporter) -> (artifact id: '829e4a76be94e631dee69dc544fc46bd') in 0.030559291 seconds
Number of updated asset objects reloaded before import = 0Number of asset objects unloaded after import = 2681

========================================================================
Received Import Request.
  Time since last request: 3.841344 seconds.
  path: Assets/Prefabs/Enviroment/Hill_Zone/TunnelEntrance.prefab
  artifactKey: Guid(9bbe806a4f189ce4ea867ecb8e2fa008) Importer(815301076,1909f56bfc062723c751e8b465ee728b)
Start importing Assets/Prefabs/Enviroment/Hill_Zone/TunnelEntrance.prefab using Guid(9bbe806a4f189ce4ea867ecb8e2fa008) Importer(815301076,1909f56bfc062723c751e8b465ee728b) (PreviewImporter) -> (artifact id: 'f0b0e4baa355b9f4845fbef7894238a7') in 0.028272583 seconds
Number of updated asset objects reloaded before import = 0Number of asset objects unloaded after import = 951

========================================================================
Received Import Request.
  Time since last request: 1.329908 seconds.
  path: Assets/Prefabs/Enviroment/Hill_Zone/TunnelExit.prefab
  artifactKey: Guid(0e0481e83adcd4d639aa9c4e970e6ea7) Importer(815301076,1909f56bfc062723c751e8b465ee728b)
Start importing Assets/Prefabs/Enviroment/Hill_Zone/TunnelExit.prefab using Guid(0e0481e83adcd4d639aa9c4e970e6ea7) Importer(815301076,1909f56bfc062723c751e8b465ee728b) (PreviewImporter) -> (artifact id: 'f5bc2ae55671958336510658f1487ef3') in 0.013426292 seconds
Number of updated asset objects reloaded before import = 0Number of asset objects unloaded after import = 133

========================================================================
Received Import Request.
  Time since last request: 10.802079 seconds.
  path: Assets/Prefabs/Enviroment/Hill_Zone/Doubles
  artifactKey: Guid(ae3974d384e090f4bbc3369e2a1076f9) Importer(815301076,1909f56bfc062723c751e8b465ee728b)
Start importing Assets/Prefabs/Enviroment/Hill_Zone/Doubles using Guid(ae3974d384e090f4bbc3369e2a1076f9) Importer(815301076,1909f56bfc062723c751e8b465ee728b) (PreviewImporter) -> (artifact id: 'af3098229088a2b1ef5b1c3fc11014f4') in 0.000305125 seconds
Number of updated asset objects reloaded before import = 0Number of asset objects unloaded after import = 0

========================================================================
Received Import Request.
  Time since last request: 0.697771 seconds.
  path: Assets/Prefabs/Enviroment/Hill_Zone/Doubles/FlatToLowA.prefab
  artifactKey: Guid(85bbd6508669b2a4293cd4422d791fbd) Importer(815301076,1909f56bfc062723c751e8b465ee728b)
Start importing Assets/Prefabs/Enviroment/Hill_Zone/Doubles/FlatToLowA.prefab using Guid(85bbd6508669b2a4293cd4422d791fbd) Importer(815301076,1909f56bfc062723c751e8b465ee728b) (PreviewImporter) -> (artifact id: '8e0544ba8480a4f59e5d4c2678b46eb8') in 0.029706625 seconds
Number of updated asset objects reloaded before import = 0Number of asset objects unloaded after import = 2175

========================================================================
Received Import Request.
  Time since last request: 143.970608 seconds.
  path: Assets/Prefabs/Enviroment/Hill_Zone/Doubles/FlatToLowB.prefab
  artifactKey: Guid(e92379e306597904e9d03e84b90b7311) Importer(815301076,1909f56bfc062723c751e8b465ee728b)
Start importing Assets/Prefabs/Enviroment/Hill_Zone/Doubles/FlatToLowB.prefab using Guid(e92379e306597904e9d03e84b90b7311) Importer(815301076,1909f56bfc062723c751e8b465ee728b) (PreviewImporter) -> (artifact id: '75d972c2d3701798312045863d47ed50') in 0.099245792 seconds
Number of updated asset objects reloaded before import = 0Number of asset objects unloaded after import = 16226

========================================================================
Received Import Request.
  Time since last request: 2.458445 seconds.
  path: Assets/Prefabs/Enviroment/Hill_Zone/Doubles/HighToLowA.prefab
  artifactKey: Guid(82ff5a60940acab4e88955af00045f6e) Importer(815301076,1909f56bfc062723c751e8b465ee728b)
Start importing Assets/Prefabs/Enviroment/Hill_Zone/Doubles/HighToLowA.prefab using Guid(82ff5a60940acab4e88955af00045f6e) Importer(815301076,1909f56bfc062723c751e8b465ee728b) (PreviewImporter) -> (artifact id: 'd88136362dd6260d9908d35aba73032e') in 0.078815541 seconds
Number of updated asset objects reloaded before import = 0Number of asset objects unloaded after import = 16226

========================================================================
Received Import Request.
  Time since last request: 2.964524 seconds.
  path: Assets/Prefabs/Enviroment/Hill_Zone/Doubles/LowToFlatA.prefab
  artifactKey: Guid(32325a2acb2f1f645802f05c5cf56c15) Importer(815301076,1909f56bfc062723c751e8b465ee728b)
Start importing Assets/Prefabs/Enviroment/Hill_Zone/Doubles/LowToFlatA.prefab using Guid(32325a2acb2f1f645802f05c5cf56c15) Importer(815301076,1909f56bfc062723c751e8b465ee728b) (PreviewImporter) -> (artifact id: '6c7be4ae8e852c1a8a00e720340d507b') in 0.084832542 seconds
Number of updated asset objects reloaded before import = 0Number of asset objects unloaded after import = 16373

========================================================================
Received Import Request.
  Time since last request: 2.196577 seconds.
  path: Assets/Prefabs/Enviroment/Hill_Zone/Doubles/LowToFlatB.prefab
  artifactKey: Guid(9fed2d6df5ea55d489729fde3559df0f) Importer(815301076,1909f56bfc062723c751e8b465ee728b)
Start importing Assets/Prefabs/Enviroment/Hill_Zone/Doubles/LowToFlatB.prefab using Guid(9fed2d6df5ea55d489729fde3559df0f) Importer(815301076,1909f56bfc062723c751e8b465ee728b) (PreviewImporter) -> (artifact id: '8fa3132d894c8c7cf2dca77a4d31b4cb') in 0.03107125 seconds
Number of updated asset objects reloaded before import = 0Number of asset objects unloaded after import = 2322

========================================================================
Received Import Request.
  Time since last request: 2.928845 seconds.
  path: Assets/Prefabs/Enviroment/Hill_Zone/Doubles/FlatToLowB.prefab
  artifactKey: Guid(e92379e306597904e9d03e84b90b7311) Importer(815301076,1909f56bfc062723c751e8b465ee728b)
Start importing Assets/Prefabs/Enviroment/Hill_Zone/Doubles/FlatToLowB.prefab using Guid(e92379e306597904e9d03e84b90b7311) Importer(815301076,1909f56bfc062723c751e8b465ee728b) (PreviewImporter) -> (artifact id: 'c8652a02fd2d123fcd53766cf18ea51d') in 0.081195542 seconds
Number of updated asset objects reloaded before import = 0Number of asset objects unloaded after import = 16226

========================================================================
Received Import Request.
  Time since last request: 7.510059 seconds.
  path: Assets/Prefabs/Enviroment/Hill_Zone/Doubles/FlatToLowA.prefab
  artifactKey: Guid(85bbd6508669b2a4293cd4422d791fbd) Importer(815301076,1909f56bfc062723c751e8b465ee728b)
Start importing Assets/Prefabs/Enviroment/Hill_Zone/Doubles/FlatToLowA.prefab using Guid(85bbd6508669b2a4293cd4422d791fbd) Importer(815301076,1909f56bfc062723c751e8b465ee728b) (PreviewImporter) -> (artifact id: '676bc69f2728a472c599ab23b3f5784d') in 0.030361083 seconds
Number of updated asset objects reloaded before import = 0Number of asset objects unloaded after import = 2175

========================================================================
Received Import Request.
  Time since last request: 2.327629 seconds.
  path: Assets/Prefabs/Enviroment/Hill_Zone/Doubles/FlatToLowB.prefab
  artifactKey: Guid(e92379e306597904e9d03e84b90b7311) Importer(815301076,1909f56bfc062723c751e8b465ee728b)
Start importing Assets/Prefabs/Enviroment/Hill_Zone/Doubles/FlatToLowB.prefab using Guid(e92379e306597904e9d03e84b90b7311) Importer(815301076,1909f56bfc062723c751e8b465ee728b) (PreviewImporter) -> (artifact id: '06a5949b73f8ba429f192113819c9162') in 0.08283875 seconds
Number of updated asset objects reloaded before import = 0Number of asset objects unloaded after import = 16226

========================================================================
Received Import Request.
  Time since last request: 1.814071 seconds.
  path: Assets/Prefabs/Enviroment/Hill_Zone/Doubles/HighToLowA.prefab
  artifactKey: Guid(82ff5a60940acab4e88955af00045f6e) Importer(815301076,1909f56bfc062723c751e8b465ee728b)
Start importing Assets/Prefabs/Enviroment/Hill_Zone/Doubles/HighToLowA.prefab using Guid(82ff5a60940acab4e88955af00045f6e) Importer(815301076,1909f56bfc062723c751e8b465ee728b) (PreviewImporter) -> (artifact id: '7ab05bd59ab27a59fdf8d3e1f464c702') in 0.083183458 seconds
Number of updated asset objects reloaded before import = 0Number of asset objects unloaded after import = 16226

========================================================================
Received Import Request.
  Time since last request: 43.479641 seconds.
  path: Assets/Prefabs/Enviroment/Hill_Zone/Doubles/HighToLowA.prefab
  artifactKey: Guid(82ff5a60940acab4e88955af00045f6e) Importer(815301076,1909f56bfc062723c751e8b465ee728b)
Start importing Assets/Prefabs/Enviroment/Hill_Zone/Doubles/HighToLowA.prefab using Guid(82ff5a60940acab4e88955af00045f6e) Importer(815301076,1909f56bfc062723c751e8b465ee728b) (PreviewImporter) -> (artifact id: '95467ea6d0fc77e75dcc06542a6deb3d') in 0.084283833 seconds
Number of updated asset objects reloaded before import = 0Number of asset objects unloaded after import = 16226

========================================================================
Received Import Request.
  Time since last request: 0.649454 seconds.
  path: Assets/Prefabs/Enviroment/Hill_Zone/Doubles/HighToLowB.prefab
  artifactKey: Guid(f1091ebf24d45fe4bac7ecc7e5a3ef9c) Importer(815301076,1909f56bfc062723c751e8b465ee728b)
Start importing Assets/Prefabs/Enviroment/Hill_Zone/Doubles/HighToLowB.prefab using Guid(f1091ebf24d45fe4bac7ecc7e5a3ef9c) Importer(815301076,1909f56bfc062723c751e8b465ee728b) (PreviewImporter) -> (artifact id: '3af9617163d3badb64248e8f595575a4') in 0.076474834 seconds
Number of updated asset objects reloaded before import = 0Number of asset objects unloaded after import = 16226

========================================================================
Received Import Request.
  Time since last request: 7.046546 seconds.
  path: Assets/Prefabs/Enviroment/Hill_Zone/Doubles/LowToHighA.prefab
  artifactKey: Guid(e88eb62a8e19fde449911850707184f1) Importer(815301076,1909f56bfc062723c751e8b465ee728b)
Start importing Assets/Prefabs/Enviroment/Hill_Zone/Doubles/LowToHighA.prefab using Guid(e88eb62a8e19fde449911850707184f1) Importer(815301076,1909f56bfc062723c751e8b465ee728b) (PreviewImporter) -> (artifact id: 'fdda7b29d34a29693f473e050a195079') in 0.083527292 seconds
Number of updated asset objects reloaded before import = 0Number of asset objects unloaded after import = 16373

========================================================================
Received Import Request.
  Time since last request: 10.019871 seconds.
  path: Assets/Prefabs/Enviroment/Hill_Zone/Doubles/LowToFlatB.prefab
  artifactKey: Guid(9fed2d6df5ea55d489729fde3559df0f) Importer(815301076,1909f56bfc062723c751e8b465ee728b)
Start importing Assets/Prefabs/Enviroment/Hill_Zone/Doubles/LowToFlatB.prefab using Guid(9fed2d6df5ea55d489729fde3559df0f) Importer(815301076,1909f56bfc062723c751e8b465ee728b) (PreviewImporter) -> (artifact id: 'c80a507ef682349882fe2c33904752e6') in 0.032342542 seconds
Number of updated asset objects reloaded before import = 0Number of asset objects unloaded after import = 2322

========================================================================
Received Import Request.
  Time since last request: 4.990583 seconds.
  path: Assets/Prefabs/Enviroment/Hill_Zone/Doubles/LowToFlatA.prefab
  artifactKey: Guid(32325a2acb2f1f645802f05c5cf56c15) Importer(815301076,1909f56bfc062723c751e8b465ee728b)
Start importing Assets/Prefabs/Enviroment/Hill_Zone/Doubles/LowToFlatA.prefab using Guid(32325a2acb2f1f645802f05c5cf56c15) Importer(815301076,1909f56bfc062723c751e8b465ee728b) (PreviewImporter) -> (artifact id: 'ccace5959898288f5060f790f461408a') in 0.087174458 seconds
Number of updated asset objects reloaded before import = 0Number of asset objects unloaded after import = 16373

========================================================================
Received Import Request.
  Time since last request: 5.518425 seconds.
  path: Assets/Prefabs/Enviroment/Hill_Zone/Doubles/LowToHighB.prefab
  artifactKey: Guid(d7fdf490c9498474fb4fd8c23e9315c1) Importer(815301076,1909f56bfc062723c751e8b465ee728b)
Start importing Assets/Prefabs/Enviroment/Hill_Zone/Doubles/LowToHighB.prefab using Guid(d7fdf490c9498474fb4fd8c23e9315c1) Importer(815301076,1909f56bfc062723c751e8b465ee728b) (PreviewImporter) -> (artifact id: 'efeba9524c6d8a3522e84d8f6dcf6a99') in 0.023930667 seconds
Number of updated asset objects reloaded before import = 0Number of asset objects unloaded after import = 1419

========================================================================
Received Import Request.
  Time since last request: 6.636641 seconds.
  path: Assets/Prefabs/Enviroment/Hill_Zone/Doubles/LowToHighA.prefab
  artifactKey: Guid(e88eb62a8e19fde449911850707184f1) Importer(815301076,1909f56bfc062723c751e8b465ee728b)
Start importing Assets/Prefabs/Enviroment/Hill_Zone/Doubles/LowToHighA.prefab using Guid(e88eb62a8e19fde449911850707184f1) Importer(815301076,1909f56bfc062723c751e8b465ee728b) (PreviewImporter) -> (artifact id: '6279cd72934be91d3ff56e242f3136fd') in 0.080259958 seconds
Number of updated asset objects reloaded before import = 0Number of asset objects unloaded after import = 16373

========================================================================
Received Import Request.
  Time since last request: 1.735551 seconds.
  path: Assets/Prefabs/Enviroment/Hill_Zone/Doubles/LowToFlatB.prefab
  artifactKey: Guid(9fed2d6df5ea55d489729fde3559df0f) Importer(815301076,1909f56bfc062723c751e8b465ee728b)
Start importing Assets/Prefabs/Enviroment/Hill_Zone/Doubles/LowToFlatB.prefab using Guid(9fed2d6df5ea55d489729fde3559df0f) Importer(815301076,1909f56bfc062723c751e8b465ee728b) (PreviewImporter) -> (artifact id: '97925c4f3f285f809fc3dd6d9a59ecc2') in 0.029335416 seconds
Number of updated asset objects reloaded before import = 0Number of asset objects unloaded after import = 2322

========================================================================
Received Import Request.
  Time since last request: 1.911093 seconds.
  path: Assets/Prefabs/Enviroment/Hill_Zone/Doubles/LowToFlatA.prefab
  artifactKey: Guid(32325a2acb2f1f645802f05c5cf56c15) Importer(815301076,1909f56bfc062723c751e8b465ee728b)
Start importing Assets/Prefabs/Enviroment/Hill_Zone/Doubles/LowToFlatA.prefab using Guid(32325a2acb2f1f645802f05c5cf56c15) Importer(815301076,1909f56bfc062723c751e8b465ee728b) (PreviewImporter) -> (artifact id: 'cf03ce3902446a70dc5341cabd161bb0') in 0.090038458 seconds
Number of updated asset objects reloaded before import = 0Number of asset objects unloaded after import = 16373

========================================================================
Received Import Request.
  Time since last request: 3.353835 seconds.
  path: Assets/Prefabs/Enviroment/Hill_Zone/Doubles/HighToLowB.prefab
  artifactKey: Guid(f1091ebf24d45fe4bac7ecc7e5a3ef9c) Importer(815301076,1909f56bfc062723c751e8b465ee728b)
Start importing Assets/Prefabs/Enviroment/Hill_Zone/Doubles/HighToLowB.prefab using Guid(f1091ebf24d45fe4bac7ecc7e5a3ef9c) Importer(815301076,1909f56bfc062723c751e8b465ee728b) (PreviewImporter) -> (artifact id: '1b359d0e30d6f7bbbcb4e242aa79c545') in 0.088374833 seconds
Number of updated asset objects reloaded before import = 0Number of asset objects unloaded after import = 16226

========================================================================
Received Import Request.
  Time since last request: 9.299320 seconds.
  path: Assets/Prefabs/Enviroment/Hill_Zone/Sky
  artifactKey: Guid(20336eebf17c24117b77803943a8ca06) Importer(815301076,1909f56bfc062723c751e8b465ee728b)
Start importing Assets/Prefabs/Enviroment/Hill_Zone/Sky using Guid(20336eebf17c24117b77803943a8ca06) Importer(815301076,1909f56bfc062723c751e8b465ee728b) (PreviewImporter) -> (artifact id: 'b7942e918a774d7e880180397e5639c0') in 0.000310541 seconds
Number of updated asset objects reloaded before import = 0Number of asset objects unloaded after import = 0

========================================================================
Received Import Request.
  Time since last request: 1.268047 seconds.
  path: Assets/Prefabs/Enviroment/Hill_Zone/Sky/Sky.prefab
  artifactKey: Guid(fdb0c5ed95d8d45ec9e08fc72ad30113) Importer(815301076,1909f56bfc062723c751e8b465ee728b)
Start importing Assets/Prefabs/Enviroment/Hill_Zone/Sky/Sky.prefab using Guid(fdb0c5ed95d8d45ec9e08fc72ad30113) Importer(815301076,1909f56bfc062723c751e8b465ee728b) (PreviewImporter) -> (artifact id: 'b2c8ad69da5a1550a2b467b710c42dee') in 0.010984625 seconds
Number of updated asset objects reloaded before import = 0Number of asset objects unloaded after import = 29

========================================================================
Received Import Request.
  Time since last request: 3.743396 seconds.
  path: Assets/Prefabs/Enviroment/Hill_Zone/temp
  artifactKey: Guid(7e8651fdbb1c0ab408984cc09c571a65) Importer(815301076,1909f56bfc062723c751e8b465ee728b)
Start importing Assets/Prefabs/Enviroment/Hill_Zone/temp using Guid(7e8651fdbb1c0ab408984cc09c571a65) Importer(815301076,1909f56bfc062723c751e8b465ee728b) (PreviewImporter) -> (artifact id: '5b42e3e6f55055854aa1ea4bfc9554be') in 0.000992291 seconds
Number of updated asset objects reloaded before import = 0Number of asset objects unloaded after import = 0

========================================================================
Received Import Request.
  Time since last request: 1.090769 seconds.
  path: Assets/Prefabs/Enviroment/Hill_Zone/temp/Finish.prefab
  artifactKey: Guid(24064ce597c0f254aafc6f3c44199ba8) Importer(815301076,1909f56bfc062723c751e8b465ee728b)
Start importing Assets/Prefabs/Enviroment/Hill_Zone/temp/Finish.prefab using Guid(24064ce597c0f254aafc6f3c44199ba8) Importer(815301076,1909f56bfc062723c751e8b465ee728b) (PreviewImporter) -> (artifact id: 'e7b117fdfb2543765346a084652f83f7') in 0.013107459 seconds
Number of updated asset objects reloaded before import = 0Number of asset objects unloaded after import = 44

========================================================================
Received Import Request.
  Time since last request: 1.797528 seconds.
  path: Assets/Prefabs/Enviroment/Hill_Zone/temp/FlatToLow.prefab
  artifactKey: Guid(1da64a75c1e56ce499626954eddf2680) Importer(815301076,1909f56bfc062723c751e8b465ee728b)
Start importing Assets/Prefabs/Enviroment/Hill_Zone/temp/FlatToLow.prefab using Guid(1da64a75c1e56ce499626954eddf2680) Importer(815301076,1909f56bfc062723c751e8b465ee728b) (PreviewImporter) -> (artifact id: 'fbcb2c92c1883ebfedc3f8a61244cfd5') in 0.013019084 seconds
Number of updated asset objects reloaded before import = 0Number of asset objects unloaded after import = 26

========================================================================
Received Import Request.
  Time since last request: 1.896306 seconds.
  path: Assets/Prefabs/Enviroment/Hill_Zone/temp/HighToLow.prefab
  artifactKey: Guid(ce92cc1148cac2f40917a5bb1aa5f960) Importer(815301076,1909f56bfc062723c751e8b465ee728b)
Start importing Assets/Prefabs/Enviroment/Hill_Zone/temp/HighToLow.prefab using Guid(ce92cc1148cac2f40917a5bb1aa5f960) Importer(815301076,1909f56bfc062723c751e8b465ee728b) (PreviewImporter) -> (artifact id: '07c80b0c077259bcba21e27bf9123c81') in 0.011181958 seconds
Number of updated asset objects reloaded before import = 0Number of asset objects unloaded after import = 35

========================================================================
Received Import Request.
  Time since last request: 1.089925 seconds.
  path: Assets/Prefabs/Enviroment/Hill_Zone/temp/LowToHigh.prefab
  artifactKey: Guid(5a59086608570194f8293cf61208c572) Importer(815301076,1909f56bfc062723c751e8b465ee728b)
Start importing Assets/Prefabs/Enviroment/Hill_Zone/temp/LowToHigh.prefab using Guid(5a59086608570194f8293cf61208c572) Importer(815301076,1909f56bfc062723c751e8b465ee728b) (PreviewImporter) -> (artifact id: 'a1ac784a3b49ad73f817f7b8b234ca3f') in 0.008052166 seconds
Number of updated asset objects reloaded before import = 0Number of asset objects unloaded after import = 35

========================================================================
Received Import Request.
  Time since last request: 0.691972 seconds.
  path: Assets/Prefabs/Enviroment/Hill_Zone/temp/Tunnel01.prefab
  artifactKey: Guid(1e82ece258e4742849da310b8845cf2b) Importer(815301076,1909f56bfc062723c751e8b465ee728b)
Start importing Assets/Prefabs/Enviroment/Hill_Zone/temp/Tunnel01.prefab using Guid(1e82ece258e4742849da310b8845cf2b) Importer(815301076,1909f56bfc062723c751e8b465ee728b) (PreviewImporter) -> (artifact id: 'c9e3fb7f322f2b707f72f649a2bcee3b') in 0.014530541 seconds
Number of updated asset objects reloaded before import = 0Number of asset objects unloaded after import = 48

========================================================================
Received Import Request.
  Time since last request: 4.880198 seconds.
  path: Assets/Prefabs/Enviroment/Trippy_Zone
  artifactKey: Guid(2b9912aa36eb54c3dbdcfa55dd244f8a) Importer(815301076,1909f56bfc062723c751e8b465ee728b)
Start importing Assets/Prefabs/Enviroment/Trippy_Zone using Guid(2b9912aa36eb54c3dbdcfa55dd244f8a) Importer(815301076,1909f56bfc062723c751e8b465ee728b) (PreviewImporter) -> (artifact id: 'ec0d36a722dbe2e0295787fba3911d71') in 0.000318292 seconds
Number of updated asset objects reloaded before import = 0Number of asset objects unloaded after import = 0

========================================================================
Received Import Request.
  Time since last request: 1.458985 seconds.
  path: Assets/Prefabs/Enviroment/Trippy_Zone/Mesh.prefab
  artifactKey: Guid(f5dd5cf59ead6934bbf21e401d97c884) Importer(815301076,1909f56bfc062723c751e8b465ee728b)
Start importing Assets/Prefabs/Enviroment/Trippy_Zone/Mesh.prefab using Guid(f5dd5cf59ead6934bbf21e401d97c884) Importer(815301076,1909f56bfc062723c751e8b465ee728b) (PreviewImporter) -> (artifact id: 'a685fada3a293053a150a16462d82f6f') in 0.009944167 seconds
Number of updated asset objects reloaded before import = 0Number of asset objects unloaded after import = 18

========================================================================
Received Import Request.
  Time since last request: 1.091156 seconds.
  path: Assets/Prefabs/Enviroment/Trippy_Zone/SpeakerMOD.prefab
  artifactKey: Guid(fa1cff684068ba04f8cf3afaa2b97fa3) Importer(815301076,1909f56bfc062723c751e8b465ee728b)
Start importing Assets/Prefabs/Enviroment/Trippy_Zone/SpeakerMOD.prefab using Guid(fa1cff684068ba04f8cf3afaa2b97fa3) Importer(815301076,1909f56bfc062723c751e8b465ee728b) (PreviewImporter) -> (artifact id: 'c397a408e8a684f5d3fe8e6ff52957aa') in 0.018060834 seconds
Number of updated asset objects reloaded before import = 0Number of asset objects unloaded after import = 54

========================================================================
Received Import Request.
  Time since last request: 1.960585 seconds.
  path: Assets/Prefabs/Enviroment/Trippy_Zone/SpeakerRow.prefab
  artifactKey: Guid(4048d36e10c49f34da7f22ad434cc131) Importer(815301076,1909f56bfc062723c751e8b465ee728b)
Start importing Assets/Prefabs/Enviroment/Trippy_Zone/SpeakerRow.prefab using Guid(4048d36e10c49f34da7f22ad434cc131) Importer(815301076,1909f56bfc062723c751e8b465ee728b) (PreviewImporter) -> (artifact id: 'ebf7d44b165fb30f062d6fba6225e73f') in 0.02022175 seconds
Number of updated asset objects reloaded before import = 0Number of asset objects unloaded after import = 475

========================================================================
Received Import Request.
  Time since last request: 2.966241 seconds.
  path: Assets/Prefabs/Enviroment/Trippy_Zone/TunnelStraight.prefab
  artifactKey: Guid(cf852b75729382041b2961be5a478001) Importer(815301076,1909f56bfc062723c751e8b465ee728b)
Start importing Assets/Prefabs/Enviroment/Trippy_Zone/TunnelStraight.prefab using Guid(cf852b75729382041b2961be5a478001) Importer(815301076,1909f56bfc062723c751e8b465ee728b) (PreviewImporter) -> (artifact id: 'b24b176e734abbac2fa487d7250a06bb') in 0.00121025 seconds
Number of updated asset objects reloaded before import = 0Number of asset objects unloaded after import = 20

========================================================================
Received Import Request.
  Time since last request: 3.406056 seconds.
  path: Assets/Prefabs/Enviroment/Trippy_Zone/TunnelStraightToTunnel.prefab
  artifactKey: Guid(cb23baf447c1a43e882f8558112ddf6f) Importer(815301076,1909f56bfc062723c751e8b465ee728b)
Start importing Assets/Prefabs/Enviroment/Trippy_Zone/TunnelStraightToTunnel.prefab using Guid(cb23baf447c1a43e882f8558112ddf6f) Importer(815301076,1909f56bfc062723c751e8b465ee728b) (PreviewImporter) -> (artifact id: '08f1933b01c8f690cf273360c2a7e1a8') in 0.000938333 seconds
Number of updated asset objects reloaded before import = 0Number of asset objects unloaded after import = 16

========================================================================
Received Import Request.
  Time since last request: 1.240403 seconds.
  path: Assets/Prefabs/Enviroment/Trippy_Zone/TunnelToTunnelStraightExit.prefab
  artifactKey: Guid(6653cbcf325410e46a68bf02927cde49) Importer(815301076,1909f56bfc062723c751e8b465ee728b)
Start importing Assets/Prefabs/Enviroment/Trippy_Zone/TunnelToTunnelStraightExit.prefab using Guid(6653cbcf325410e46a68bf02927cde49) Importer(815301076,1909f56bfc062723c751e8b465ee728b) (PreviewImporter) -> (artifact id: '4838ebd4e755e450f0c626dc626336bf') in 0.00124475 seconds
Number of updated asset objects reloaded before import = 0Number of asset objects unloaded after import = 42

========================================================================
Received Import Request.
  Time since last request: 1.676924 seconds.
  path: Assets/Prefabs/Enviroment/Trippy_Zone/TowerD.prefab
  artifactKey: Guid(55f2a9721d6a39f478accd3426ba9ba0) Importer(815301076,1909f56bfc062723c751e8b465ee728b)
Start importing Assets/Prefabs/Enviroment/Trippy_Zone/TowerD.prefab using Guid(55f2a9721d6a39f478accd3426ba9ba0) Importer(815301076,1909f56bfc062723c751e8b465ee728b) (PreviewImporter) -> (artifact id: '32536f9c7c5790b9f935808c464017ca') in 0.014733833 seconds
Number of updated asset objects reloaded before import = 0Number of asset objects unloaded after import = 477

========================================================================
Received Import Request.
  Time since last request: 1.130718 seconds.
  path: Assets/Prefabs/Enviroment/Trippy_Zone/TunnelStraight.prefab
  artifactKey: Guid(cf852b75729382041b2961be5a478001) Importer(815301076,1909f56bfc062723c751e8b465ee728b)
Start importing Assets/Prefabs/Enviroment/Trippy_Zone/TunnelStraight.prefab using Guid(cf852b75729382041b2961be5a478001) Importer(815301076,1909f56bfc062723c751e8b465ee728b) (PreviewImporter) -> (artifact id: '97f41cfa73b0d6c31aaec4935ff64ec5') in 0.001181291 seconds
Number of updated asset objects reloaded before import = 0Number of asset objects unloaded after import = 20

========================================================================
Received Import Request.
  Time since last request: 0.924711 seconds.
  path: Assets/Prefabs/Enviroment/Trippy_Zone/SpeakerRow.prefab
  artifactKey: Guid(4048d36e10c49f34da7f22ad434cc131) Importer(815301076,1909f56bfc062723c751e8b465ee728b)
Start importing Assets/Prefabs/Enviroment/Trippy_Zone/SpeakerRow.prefab using Guid(4048d36e10c49f34da7f22ad434cc131) Importer(815301076,1909f56bfc062723c751e8b465ee728b) (PreviewImporter) -> (artifact id: '00f75384cc1da7ca370f904850f4ab9e') in 0.014232292 seconds
Number of updated asset objects reloaded before import = 0Number of asset objects unloaded after import = 475

========================================================================
Received Import Request.
  Time since last request: 2.191711 seconds.
  path: Assets/Prefabs/Enviroment/Trippy_Zone/Mesh.prefab
  artifactKey: Guid(f5dd5cf59ead6934bbf21e401d97c884) Importer(815301076,1909f56bfc062723c751e8b465ee728b)
Start importing Assets/Prefabs/Enviroment/Trippy_Zone/Mesh.prefab using Guid(f5dd5cf59ead6934bbf21e401d97c884) Importer(815301076,1909f56bfc062723c751e8b465ee728b) (PreviewImporter) -> (artifact id: '10136da779a03859f4076d1ec295baef') in 0.00835775 seconds
Number of updated asset objects reloaded before import = 0Number of asset objects unloaded after import = 18

========================================================================
Received Import Request.
  Time since last request: 1.091907 seconds.
  path: Assets/Prefabs/Enviroment/Trippy_Zone/Spiral
  artifactKey: Guid(d59dc6c190f4cd849ad899cb018ca0d2) Importer(815301076,1909f56bfc062723c751e8b465ee728b)
Start importing Assets/Prefabs/Enviroment/Trippy_Zone/Spiral using Guid(d59dc6c190f4cd849ad899cb018ca0d2) Importer(815301076,1909f56bfc062723c751e8b465ee728b) (PreviewImporter) -> (artifact id: '0bd2eab4d56c054049211fb1041898ab') in 0.000293834 seconds
Number of updated asset objects reloaded before import = 0Number of asset objects unloaded after import = 0

========================================================================
Received Import Request.
  Time since last request: 0.878993 seconds.
  path: Assets/Prefabs/Enviroment/Trippy_Zone/Spiral/Spiral.prefab
  artifactKey: Guid(263758c6f84cd9140986d5e7d31bed1f) Importer(815301076,1909f56bfc062723c751e8b465ee728b)
Start importing Assets/Prefabs/Enviroment/Trippy_Zone/Spiral/Spiral.prefab using Guid(263758c6f84cd9140986d5e7d31bed1f) Importer(815301076,1909f56bfc062723c751e8b465ee728b) (PreviewImporter) -> (artifact id: '531f02c0d4364dc47e5496f813312505') in 0.009235375 seconds
Number of updated asset objects reloaded before import = 0Number of asset objects unloaded after import = 18

========================================================================
Received Import Request.
  Time since last request: 1.376247 seconds.
  path: Assets/Prefabs/Enviroment/Trippy_Zone/Spiral/SpiralEnd.prefab
  artifactKey: Guid(0767597290aacfb4b991374d0628e278) Importer(815301076,1909f56bfc062723c751e8b465ee728b)
Start importing Assets/Prefabs/Enviroment/Trippy_Zone/Spiral/SpiralEnd.prefab using Guid(0767597290aacfb4b991374d0628e278) Importer(815301076,1909f56bfc062723c751e8b465ee728b) (PreviewImporter) -> (artifact id: '0b53b9c8227332e93a43e60980931239') in 0.009245667 seconds
Number of updated asset objects reloaded before import = 0Number of asset objects unloaded after import = 18

========================================================================
Received Import Request.
  Time since last request: 1.775094 seconds.
  path: Assets/Prefabs/Enviroment/Trippy_Zone/Spiral/SpiralEntrance.prefab
  artifactKey: Guid(a019da7584c222848b33ed888b6c58d4) Importer(815301076,1909f56bfc062723c751e8b465ee728b)
Start importing Assets/Prefabs/Enviroment/Trippy_Zone/Spiral/SpiralEntrance.prefab using Guid(a019da7584c222848b33ed888b6c58d4) Importer(815301076,1909f56bfc062723c751e8b465ee728b) (PreviewImporter) -> (artifact id: '4029645bca0a5ebcffe6b9615ad2eb57') in 0.009217834 seconds
Number of updated asset objects reloaded before import = 0Number of asset objects unloaded after import = 25

========================================================================
Received Import Request.
  Time since last request: 5.454483 seconds.
  path: Assets/Prefabs/Enviroment/Test
  artifactKey: Guid(9a839db6eee984dff992140354d93cc6) Importer(815301076,1909f56bfc062723c751e8b465ee728b)
Start importing Assets/Prefabs/Enviroment/Test using Guid(9a839db6eee984dff992140354d93cc6) Importer(815301076,1909f56bfc062723c751e8b465ee728b) (PreviewImporter) -> (artifact id: '45221ab82602d805fa1a040b571ab99d') in 0.001038792 seconds
Number of updated asset objects reloaded before import = 0Number of asset objects unloaded after import = 0

========================================================================
Received Import Request.
  Time since last request: 3.629593 seconds.
  path: Assets/Prefabs/Enviroment/Test/TestCable.prefab
  artifactKey: Guid(9403c022e68204196b2c3d056b762b5d) Importer(815301076,1909f56bfc062723c751e8b465ee728b)
Start importing Assets/Prefabs/Enviroment/Test/TestCable.prefab using Guid(9403c022e68204196b2c3d056b762b5d) Importer(815301076,1909f56bfc062723c751e8b465ee728b) (PreviewImporter) -> (artifact id: 'b22fdf8eb57c66468a1025985964f310') in 0.0195095 seconds
Number of updated asset objects reloaded before import = 0Number of asset objects unloaded after import = 8

========================================================================
Received Import Request.
  Time since last request: 1.917470 seconds.
  path: Assets/Prefabs/Enviroment/Test/TestEnvironmentSet_Juan.asset
  artifactKey: Guid(ff5efc3d28d7740cc90765097ffbb76d) Importer(815301076,1909f56bfc062723c751e8b465ee728b)
Start importing Assets/Prefabs/Enviroment/Test/TestEnvironmentSet_Juan.asset using Guid(ff5efc3d28d7740cc90765097ffbb76d) Importer(815301076,1909f56bfc062723c751e8b465ee728b) (PreviewImporter) -> (artifact id: '16212ae7d4a6e52140b02a82ae822f5b') in 0.00113775 seconds
Number of updated asset objects reloaded before import = 0Number of asset objects unloaded after import = 19

========================================================================
Received Import Request.
  Time since last request: 1.954987 seconds.
  path: Assets/Prefabs/Enviroment/Test/TestHill.prefab
  artifactKey: Guid(a2f64f393417e41fa86aab6bd27625c8) Importer(815301076,1909f56bfc062723c751e8b465ee728b)
Start importing Assets/Prefabs/Enviroment/Test/TestHill.prefab using Guid(a2f64f393417e41fa86aab6bd27625c8) Importer(815301076,1909f56bfc062723c751e8b465ee728b) (PreviewImporter) -> (artifact id: 'c8537c3ac613ecd0281670917e78b716') in 0.007865042 seconds
Number of updated asset objects reloaded before import = 0Number of asset objects unloaded after import = 8

========================================================================
Received Import Request.
  Time since last request: 0.808217 seconds.
  path: Assets/Prefabs/Enviroment/Test/TestPole.prefab
  artifactKey: Guid(1cf9f6dc1f72f417a83186e0a860c4a4) Importer(815301076,1909f56bfc062723c751e8b465ee728b)
Start importing Assets/Prefabs/Enviroment/Test/TestPole.prefab using Guid(1cf9f6dc1f72f417a83186e0a860c4a4) Importer(815301076,1909f56bfc062723c751e8b465ee728b) (PreviewImporter) -> (artifact id: '9a6e71f01a1374fae3dc285ff6138476') in 0.004204875 seconds
Number of updated asset objects reloaded before import = 0Number of asset objects unloaded after import = 8

========================================================================
Received Prepare
Begin MonoManager ReloadAssembly
[Licensing::Client] Successfully resolved entitlement details
[Licensing::Module] License group:
  Id: F4-BQ82-4FQF-6GV9-AGQF-XXXX
  Product: Unity Personal
  Type: ULF
  Expiration: Unlimited
[Licensing::Module] License group:
  Id: 4674114231336-UnityPersXXXX
  Product: Unity Personal
  Type: Assigned
  Expiration: Unlimited
Thread 0x335187000 may have been prematurely finalized
- Loaded All Assemblies, in  0.311 seconds
Script 'Grid' has the same name as built-in Unity component.
AddComponent and GetComponent will not work with this script.
Refreshing native plugins compatible for Editor in 0.13 ms, found 1 plugins.
Native extension for WindowsStandalone target not found
Native extension for OSXStandalone target not found
Native extension for WebGL target not found
[Package Manager] Failed to launch server process. Reason: Unity was launched with the -noUpm command-line argument
[Package Manager] Unable to send message (not connected to server process).
[Package Manager] Cannot connect to Unity Package Manager local server
ScheduleIndexationOnStartup MainProcess:False IndexOnStartup:True
Mono: successfully reloaded assembly
- Finished resetting the current domain, in  0.245 seconds
Domain Reload Profiling: 557ms
	BeginReloadAssembly (127ms)
		ExecutionOrderSort (0ms)
		DisableScriptedObjects (13ms)
		BackupInstance (0ms)
		ReleaseScriptingObjects (0ms)
		CreateAndSetChildDomain (41ms)
	RebuildCommonClasses (23ms)
	RebuildNativeTypeToScriptingClass (7ms)
	initialDomainReloadingComplete (15ms)
	LoadAllAssembliesAndSetupDomain (140ms)
		LoadAssemblies (123ms)
		RebuildTransferFunctionScriptingTraits (0ms)
		AnalyzeDomain (56ms)
			TypeCache.Refresh (8ms)
				TypeCache.ScanAssembly (0ms)
			BuildScriptInfoCaches (41ms)
			ResolveRequiredComponents (5ms)
	FinalizeReload (245ms)
		ReleaseScriptCaches (0ms)
		RebuildScriptCaches (0ms)
		SetupLoadedEditorAssemblies (164ms)
			LogAssemblyErrors (0ms)
			InitializePlatformSupportModulesInManaged (1ms)
			SetLoadedEditorAssemblies (2ms)
			BeforeProcessingInitializeOnLoad (57ms)
			ProcessInitializeOnLoadAttributes (71ms)
			ProcessInitializeOnLoadMethodAttributes (31ms)
			AfterProcessingInitializeOnLoad (1ms)
			EditorAssembliesLoaded (0ms)
		ExecutionOrderSort2 (0ms)
		AwakeInstancesAfterBackupRestoration (6ms)
WARNING: Shader Unsupported: 'Universal Render Pipeline/VR/SpatialMapping/Wireframe' - All subshaders removed
WARNING: Shader Did you use #pragma only_renderers and omit this platform?
WARNING: Shader If subshaders removal was intentional, you may have forgotten turning Fallback off?
WARNING: Shader Unsupported: 'Universal Render Pipeline/VR/SpatialMapping/Wireframe' - All subshaders removed
WARNING: Shader Did you use #pragma only_renderers and omit this platform?
WARNING: Shader If subshaders removal was intentional, you may have forgotten turning Fallback off?
Refreshing native plugins compatible for Editor in 0.17 ms, found 1 plugins.
Preloading 0 native plugins for Editor in 0.00 ms.
Unloading 18 Unused Serialized files (Serialized files now loaded: 0)
Unloading 3271 unused Assets / (3.2 MB). Loaded Objects now: 4143.
Memory consumption went from 151.9 MB to 148.7 MB.
Total: 4.212125 ms (FindLiveObjects: 0.176666 ms CreateObjectMapping: 0.056709 ms MarkObjects: 3.319375 ms  DeleteObjects: 0.659291 ms)

Prepare: number of updated asset objects reloaded= 0
